    Blocking waiting for file lock on build directory
    Checking prometheos-lite v0.1.0 (E:\Projects\PrometheOS-Lite)
error: cannot find macro `bail` in this scope
   --> src\harness\attempt_pool.rs:323:13
    |
323 |             bail!("Git diff failed: {}", stderr);
    |             ^^^^

warning: unused imports: `WorkContextService` and `WorkContext`
  --> src\api\work_contexts.rs:17:5
   |
17 |     WorkContextService,
   |     ^^^^^^^^^^^^^^^^^^
18 |     types::{WorkContext, WorkDomain, WorkStatus},
   |             ^^^^^^^^^^^
   |
   = note: `#[warn(unused_imports)]` (part of `#[warn(unused)]`) on by default

warning: unused import: `TrimmedContext`
  --> src\context\builder.rs:10:70
   |
10 | use super::budgeter::{ContextBudgeter, ContextItem, ContextPriority, TrimmedContext};
   |                                                                      ^^^^^^^^^^^^^^

warning: unused import: `uuid::Uuid`
 --> src\db\models.rs:8:5
  |
8 | use uuid::Uuid;
  |     ^^^^^^^^^^

warning: unused import: `super::interrupts::InterruptOperations`
 --> src\db\repository\db.rs:9:5
  |
9 | use super::interrupts::InterruptOperations;
  |     ^^^^^^^^^^^^^^^^^^^^^^^^^^^^^^^^^^^^^^

warning: unused import: `super::outbox::OutboxOperations`
  --> src\db\repository\db.rs:11:5
   |
11 | use super::outbox::OutboxOperations;
   |     ^^^^^^^^^^^^^^^^^^^^^^^^^^^^^^^

warning: unused import: `super::snapshots::FlowSnapshotOperations`
  --> src\db\repository\db.rs:13:5
   |
13 | use super::snapshots::FlowSnapshotOperations;
   |     ^^^^^^^^^^^^^^^^^^^^^^^^^^^^^^^^^^^^^^^^

warning: unused import: `super::trust_policies::TrustPolicyOperations`
  --> src\db\repository\db.rs:15:5
   |
15 | use super::trust_policies::TrustPolicyOperations;
   |     ^^^^^^^^^^^^^^^^^^^^^^^^^^^^^^^^^^^^^^^^^^^^

warning: unused import: `StepStatus`
 --> src\db\repository\execution_plans.rs:7:44
  |
7 | use crate::work::{ExecutionPlan, PlanStep, StepStatus};
  |                                            ^^^^^^^^^^

warning: unused import: `Context`
 --> src\flow\budget\budget_guard.rs:3:14
  |
3 | use anyhow::{Context, Result};
  |              ^^^^^^^

warning: unused import: `ExecutionBudget`
 --> src\flow\execution\flow.rs:4:26
  |
4 |     Action, BudgetGuard, ExecutionBudget, Input, Node, NodeConfig, NodeId, Output, SharedState,
  |                          ^^^^^^^^^^^^^^^

warning: unused import: `async_trait::async_trait`
 --> src\flow\execution\flow_types.rs:4:5
  |
4 | use async_trait::async_trait;
  |     ^^^^^^^^^^^^^^^^^^^^^^^^

warning: unused import: `async_trait::async_trait`
 --> src\flow\execution\rate_limit.rs:4:5
  |
4 | use async_trait::async_trait;
  |     ^^^^^^^^^^^^^^^^^^^^^^^^

warning: unused import: `std::time::Duration`
 --> src\flow\execution\rate_limit.rs:8:5
  |
8 | use std::time::Duration;
  |     ^^^^^^^^^^^^^^^^^^^

warning: unused import: `NodeConfig`
  --> src\flow\execution\rate_limit.rs:10:25
   |
10 | use crate::flow::{Node, NodeConfig, NodeId, SharedState};
   |                         ^^^^^^^^^^

warning: unused imports: `RunId` and `Tracer`
  --> src\flow\execution_service.rs:20:28
   |
20 | use crate::flow::tracing::{RunId, SharedTracer, TraceEvent, Tracer};
   |                            ^^^^^                            ^^^^^^

warning: unused import: `RunStatus`
   --> src\flow\execution_service.rs:483:55
    |
483 |                 use crate::flow::execution::{FlowRun, RunStatus};
    |                                                       ^^^^^^^^^

warning: unused import: `RunStatus`
   --> src\flow\execution_service.rs:662:55
    |
662 |                 use crate::flow::execution::{FlowRun, RunStatus};
    |                                                       ^^^^^^^^^

warning: unused import: `crate::tools::PathGuard`
 --> src\flow\factory\builtin_nodes.rs:5:5
  |
5 | use crate::tools::PathGuard;
  |     ^^^^^^^^^^^^^^^^^^^^^^^

warning: unused import: `async_trait::async_trait`
 --> src\flow\factory\builtin_nodes.rs:7:5
  |
7 | use async_trait::async_trait;
  |     ^^^^^^^^^^^^^^^^^^^^^^^^

warning: unused import: `serde_json::json`
 --> src\flow\factory\builtin_nodes.rs:8:5
  |
8 | use serde_json::json;
  |     ^^^^^^^^^^^^^^^^

warning: unused import: `InterruptOperations`
  --> src\flow\factory\builtin_nodes.rs:12:29
   |
12 | use crate::db::repository::{InterruptOperations, OutboxOperations};
   |                             ^^^^^^^^^^^^^^^^^^^

warning: unused import: `async_trait::async_trait`
  --> src\flow\factory\coding_nodes.rs:10:5
   |
10 | use async_trait::async_trait;
   |     ^^^^^^^^^^^^^^^^^^^^^^^^

warning: unused import: `tracing`
  --> src\flow\factory\coding_nodes.rs:13:5
   |
13 | use tracing;
   |     ^^^^^^^

warning: unused import: `Duration`
 --> src\flow\memory\scoring.rs:6:14
  |
6 | use chrono::{Duration, Utc};
  |              ^^^^^^^^

warning: unused import: `async_trait::async_trait`
 --> src\flow\memory\service.rs:4:5
  |
4 | use async_trait::async_trait;
  |     ^^^^^^^^^^^^^^^^^^^^^^^^

warning: unused import: `ContextBundle`
  --> src\flow\memory\service.rs:15:20
   |
15 | use super::types::{ContextBundle, Memory, MemoryKind, MemoryType, MemoryWriteTask};
   |                    ^^^^^^^^^^^^^

warning: unused import: `Context`
 --> src\flow\memory\summarizer.rs:6:14
  |
6 | use anyhow::{Context, Result};
  |              ^^^^^^^

warning: unused imports: `Deserialize` and `Serialize`
 --> src\flow\memory\summarizer.rs:7:13
  |
7 | use serde::{Deserialize, Serialize};
  |             ^^^^^^^^^^^  ^^^^^^^^^

warning: unused import: `Key`
 --> src\flow\opentelemetry.rs:7:21
  |
7 | use opentelemetry::{Key, KeyValue};
  |                     ^^^

warning: unused import: `opentelemetry_sdk::Resource`
 --> src\flow\opentelemetry.rs:9:5
  |
9 | use opentelemetry_sdk::Resource;
  |     ^^^^^^^^^^^^^^^^^^^^^^^^^^^

warning: unused import: `TracerProvider`
  --> src\flow\opentelemetry.rs:10:50
   |
10 | use opentelemetry_sdk::trace::{self as sdktrace, TracerProvider};
   |                                                  ^^^^^^^^^^^^^^

warning: unused import: `uuid::Uuid`
  --> src\flow\strict_mode.rs:10:5
   |
10 | use uuid::Uuid;
   |     ^^^^^^^^^^

warning: unused import: `SharedState`
 --> src\flow\tracing.rs:9:27
  |
9 | use crate::flow::{NodeId, SharedState};
  |                           ^^^^^^^^^^^

warning: unused import: `BudgetUsage`
 --> src\flow\types.rs:6:34
  |
6 | use super::budget::{BudgetGuard, BudgetUsage, ExecutionBudget};
  |                                  ^^^^^^^^^^^

warning: unused import: `adapter::*`
  --> src\flow\mod.rs:28:9
   |
28 | pub use adapter::*;
   |         ^^^^^^^^^^

warning: unused import: `anyhow::Result`
 --> src\harness\acceptance.rs:2:5
  |
2 | use anyhow::Result;
  |     ^^^^^^^^^^^^^^

warning: unused imports: `Path` and `collections::HashMap`
 --> src\harness\acceptance.rs:6:5
  |
6 |     collections::HashMap,
  |     ^^^^^^^^^^^^^^^^^^^^
7 |     path::{Path, PathBuf},
  |            ^^^^

warning: unused import: `anyhow::Result`
 --> src\harness\adversarial_validation.rs:2:5
  |
2 | use anyhow::Result;
  |     ^^^^^^^^^^^^^^

warning: unused import: `std::path::Path`
 --> src\harness\adversarial_validation.rs:6:5
  |
6 | use std::path::Path;
  |     ^^^^^^^^^^^^^^^

warning: unused imports: `HarnessExecutionResult`, `ValidationFailurePolicy`, `ValidationTarget`, `apply_patch_temp_only`, `dry_run_patch`, `mode_policy::HarnessMode`, and `trajectory::Trajectory`
  --> src\harness\attempt_pool.rs:9:47
   |
 9 |     execution_loop::{HarnessExecutionRequest, HarnessExecutionResult, ValidationFailurePolicy},
   |                                               ^^^^^^^^^^^^^^^^^^^^^^  ^^^^^^^^^^^^^^^^^^^^^^^
10 |     file_control::{FilePolicy, FileSet},
11 |     mode_policy::HarnessMode,
   |     ^^^^^^^^^^^^^^^^^^^^^^^^
12 |     patch_applier::{PatchResult, apply_patch_temp_only, dry_run_patch},
   |                                  ^^^^^^^^^^^^^^^^^^^^^  ^^^^^^^^^^^^^
...
18 |     temp_workspace::{TempWorkspace, ValidationTarget},
   |                                     ^^^^^^^^^^^^^^^^
19 |     trajectory::Trajectory,
   |     ^^^^^^^^^^^^^^^^^^^^^^

warning: unused import: `Path`
 --> src\harness\benchmark.rs:7:17
  |
7 | use std::path::{Path, PathBuf};
  |                 ^^^^

warning: unused import: `Duration`
 --> src\harness\benchmark.rs:8:17
  |
8 | use std::time::{Duration, Instant};
  |                 ^^^^^^^^

warning: unused import: `std::collections::HashMap`
 --> src\harness\completion.rs:8:5
  |
8 | use std::collections::HashMap;
  |     ^^^^^^^^^^^^^^^^^^^^^^^^^

warning: unused import: `Context`
 --> src\harness\environment.rs:1:14
  |
1 | use anyhow::{Context, Result};
  |              ^^^^^^^

warning: unused import: `process::Command`
 --> src\harness\environment.rs:3:49
  |
3 | use std::{collections::HashMap, fs, path::Path, process::Command};
  |                                                 ^^^^^^^^^^^^^^^^

warning: unused imports: `RiskLevel`, `edit_protocol::EditOperation`, and `failure::FailureKind`
 --> src\harness\evidence.rs:5:5
  |
5 |     edit_protocol::EditOperation,
  |     ^^^^^^^^^^^^^^^^^^^^^^^^^^^^
6 |     failure::FailureKind,
  |     ^^^^^^^^^^^^^^^^^^^^
...
9 |     risk::{RiskAssessment, RiskLevel},
  |                            ^^^^^^^^^

warning: unused imports: `EvidenceEntryKind`, `PatchCandidate as ProviderCandidate`, `PatchProviderContext`, `RiskEstimate`, `SelectionCriteria`, `SelectionEngine`, `apply_patch`, `create_validation_target`, and `generate_completion_artifact`
  --> src\harness\execution_loop.rs:5:9
   |
 5 |         generate_completion_artifact,
   |         ^^^^^^^^^^^^^^^^^^^^^^^^^^^^
...
16 |     evidence::{EvidenceEntryKind, EvidenceLog},
   |                ^^^^^^^^^^^^^^^^^
...
22 |         PatchResult, RollbackHandle, apply_patch, apply_patch_with_rollback, dry_run_patch,
   |                                      ^^^^^^^^^^^
...
25 |         GenerateRequest as ProviderGenerateRequest, PatchCandidate as ProviderCandidate,
   |                                                     ^^^^^^^^^^^^^^^^^^^^^^^^^^^^^^^^^^^
26 |         PatchProvider, PatchProviderContext, RiskEstimate,
   |                        ^^^^^^^^^^^^^^^^^^^^  ^^^^^^^^^^^^
...
33 |         PatchCandidate as SelectionCandidate, SelectionCriteria, SelectionEngine, SelectionPhase,
   |                                               ^^^^^^^^^^^^^^^^^  ^^^^^^^^^^^^^^^
...
36 |     temp_workspace::{TempWorkspace, ValidationTarget, create_validation_target},
   |                                                       ^^^^^^^^^^^^^^^^^^^^^^^^

warning: unused import: `Duration`
  --> src\harness\execution_loop.rs:47:12
   |
47 |     time::{Duration, Instant},
   |            ^^^^^^^^

warning: unused imports: `PatchResult` and `edit_protocol::EditOperation`
 --> src\harness\failure.rs:2:5
  |
2 |     edit_protocol::EditOperation,
  |     ^^^^^^^^^^^^^^^^^^^^^^^^^^^^
3 |     patch_applier::{PatchFailure, PatchResult},
  |                                   ^^^^^^^^^^^

warning: unused import: `anyhow::Result`
 --> src\harness\failure.rs:6:5
  |
6 | use anyhow::Result;
  |     ^^^^^^^^^^^^^^

warning: unused import: `self`
 --> src\harness\file_control.rs:8:10
  |
8 |     io::{self, Read},
  |          ^^^^

warning: unused import: `std::collections::HashSet`
 --> src\harness\git_checkpoint.rs:4:5
  |
4 | use std::collections::HashSet;
  |     ^^^^^^^^^^^^^^^^^^^^^^^^^

warning: unused import: `Context`
 --> src\harness\knowledge_cache.rs:1:14
  |
1 | use anyhow::{Context, Result};
  |              ^^^^^^^

warning: unused import: `Instant`
 --> src\harness\knowledge_cache.rs:8:22
  |
8 |     time::{Duration, Instant},
  |                      ^^^^^^^

warning: unused import: `HashMap`
 --> src\harness\minimality.rs:6:24
  |
6 | use std::collections::{HashMap, HashSet};
  |                        ^^^^^^^

warning: unused import: `Path`
 --> src\harness\minimality.rs:7:17
  |
7 | use std::path::{Path, PathBuf};
  |                 ^^^^

warning: unused import: `anyhow::Result`
 --> src\harness\observability.rs:4:5
  |
4 | use anyhow::Result;
  |     ^^^^^^^^^^^^^^

warning: unused import: `Duration`
 --> src\harness\observability.rs:7:17
  |
7 | use std::time::{Duration, Instant};
  |                 ^^^^^^^^

warning: unused import: `TracerProvider`
   --> src\harness\observability.rs:317:40
    |
317 |     use opentelemetry::trace::{Tracer, TracerProvider};
    |                                        ^^^^^^^^^^^^^^

warning: unused import: `warn`
   --> src\harness\observability.rs:323:39
    |
323 |     use tracing::{debug, error, info, warn, info_span};
    |                                       ^^^^

warning: unused import: `opentelemetry::trace::TraceContextExt`
   --> src\harness\observability.rs:436:13
    |
436 |         use opentelemetry::trace::TraceContextExt;
    |             ^^^^^^^^^^^^^^^^^^^^^^^^^^^^^^^^^^^^^

warning: unused imports: `assert_delete_allowed` and `assert_rename_allowed`
 --> src\harness\patch_applier.rs:6:30
  |
6 |         FilePolicy, FileSet, assert_delete_allowed, assert_rename_allowed, resolve_repo_path,
  |                              ^^^^^^^^^^^^^^^^^^^^^  ^^^^^^^^^^^^^^^^^^^^^

warning: unused import: `io::Write`
  --> src\harness\patch_applier.rs:15:5
   |
15 |     io::Write,
   |     ^^^^^^^^^

warning: unused import: `std::collections::HashMap`
  --> src\harness\patch_provider.rs:10:5
   |
10 | use std::collections::HashMap;
   |     ^^^^^^^^^^^^^^^^^^^^^^^^^

warning: unused imports: `ReviewReport` and `validation::ValidationResult`
  --> src\harness\patch_provider.rs:17:27
   |
17 |     review::{ReviewIssue, ReviewReport},
   |                           ^^^^^^^^^^^^
18 |     validation::ValidationResult,
   |     ^^^^^^^^^^^^^^^^^^^^^^^^^^^^

warning: unused imports: `HashMap` and `HashSet`
 --> src\harness\permissions.rs:6:24
  |
6 | use std::collections::{HashMap, HashSet};
  |                        ^^^^^^^  ^^^^^^^

warning: unused import: `anyhow::Result`
 --> src\harness\regression_memory.rs:4:5
  |
4 | use anyhow::Result;
  |     ^^^^^^^^^^^^^^

warning: unused import: `HashSet`
 --> src\harness\regression_memory.rs:6:33
  |
6 | use std::collections::{HashMap, HashSet};
  |                                 ^^^^^^^

warning: unused imports: `Duration` and `SystemTime`
 --> src\harness\regression_memory.rs:8:17
  |
8 | use std::time::{Duration, SystemTime};
  |                 ^^^^^^^^  ^^^^^^^^^^

warning: unused imports: `AggregatePatchProvider`, `AttemptOutcome`, `AttemptRecord`, `GenerateRequest`, `GenerateResponse`, `HeuristicPatchProvider`, `LlmPatchProvider`, `PatchFailure`, `ProviderCandidate`, `ProviderCapabilities`, `RepairRequest as ProviderRepairRequest`, `RepairResponse`, `RepairStrategy as ProviderRepairStrategy`, `RiskEstimate`, `RollbackHandle`, `SearchReplaceEdit`, `WholeFileEdit`, and `repo_intelligence::RepoMap`
  --> src\harness\repair_loop.rs:2:36
   |
 2 |     edit_protocol::{EditOperation, SearchReplaceEdit, WholeFileEdit},
   |                                    ^^^^^^^^^^^^^^^^^  ^^^^^^^^^^^^^
...
 8 |     patch_applier::{PatchFailure, PatchResult, RollbackHandle, apply_patch_with_rollback, dry_run_patch},
   |                     ^^^^^^^^^^^^               ^^^^^^^^^^^^^^
 9 |     patch_provider::{
10 |         AggregatePatchProvider, AttemptOutcome, AttemptRecord, GenerateRequest, GenerateResponse,
   |         ^^^^^^^^^^^^^^^^^^^^^^  ^^^^^^^^^^^^^^  ^^^^^^^^^^^^^  ^^^^^^^^^^^^^^^  ^^^^^^^^^^^^^^^^
11 |         HeuristicPatchProvider, LlmPatchProvider, PatchProvider, PatchProviderContext,
   |         ^^^^^^^^^^^^^^^^^^^^^^  ^^^^^^^^^^^^^^^^
12 |         ProviderCandidate, ProviderCapabilities, RepairRequest as ProviderRepairRequest,
   |         ^^^^^^^^^^^^^^^^^  ^^^^^^^^^^^^^^^^^^^^  ^^^^^^^^^^^^^^^^^^^^^^^^^^^^^^^^^^^^^^
13 |         RepairResponse, RepairStrategy as ProviderRepairStrategy, RiskEstimate,
   |         ^^^^^^^^^^^^^^  ^^^^^^^^^^^^^^^^^^^^^^^^^^^^^^^^^^^^^^^^  ^^^^^^^^^^^^
14 |     },
15 |     repo_intelligence::RepoMap,
   |     ^^^^^^^^^^^^^^^^^^^^^^^^^^

warning: unused imports: `Context` and `bail`
  --> src\harness\repair_loop.rs:19:14
   |
19 | use anyhow::{Context, Result, bail};
   |              ^^^^^^^          ^^^^

warning: unused import: `Duration`
  --> src\harness\repair_loop.rs:24:12
   |
24 |     time::{Duration, Instant},
   |            ^^^^^^^^

warning: unused import: `Context`
 --> src\harness\repo_intelligence.rs:1:14
  |
1 | use anyhow::{Context, Result};
  |              ^^^^^^^

warning: unused import: `sync::Arc`
 --> src\harness\repo_intelligence.rs:8:5
  |
8 |     sync::Arc,
  |     ^^^^^^^^^

warning: unused imports: `QueryCursor`, `Query`, and `Tree`
  --> src\harness\repo_intelligence.rs:11:33
   |
11 | use tree_sitter::{Node, Parser, Query, QueryCursor, Tree};
   |                                 ^^^^^  ^^^^^^^^^^^  ^^^^

warning: unused imports: `EvidenceEntryKind`, `EvidenceLog`, `RiskAssessment`, `edit_protocol::EditOperation`, `review::ReviewIssue`, and `validation::ValidationResult`
  --> src\harness\report.rs:12:5
   |
12 |     edit_protocol::EditOperation,
   |     ^^^^^^^^^^^^^^^^^^^^^^^^^^^^
13 |     evidence::{EvidenceEntry, EvidenceEntryKind, EvidenceLog},
   |                               ^^^^^^^^^^^^^^^^^  ^^^^^^^^^^^
...
16 |     review::ReviewIssue,
   |     ^^^^^^^^^^^^^^^^^^^
17 |     risk::{RiskAssessment, RiskLevel},
   |            ^^^^^^^^^^^^^^
18 |     validation::ValidationResult,
   |     ^^^^^^^^^^^^^^^^^^^^^^^^^^^^

warning: unused import: `edit_protocol::EditOperation`
 --> src\harness\reproduction.rs:2:5
  |
2 |     edit_protocol::EditOperation,
  |     ^^^^^^^^^^^^^^^^^^^^^^^^^^^^

warning: unused imports: `Context` and `bail`
 --> src\harness\reproduction.rs:7:14
  |
7 | use anyhow::{Context, Result, bail};
  |              ^^^^^^^          ^^^^

warning: unused imports: `HashMap` and `HashSet`
  --> src\harness\reproduction.rs:10:19
   |
10 |     collections::{HashMap, HashSet},
   |                   ^^^^^^^  ^^^^^^^

warning: unused import: `anyhow::Result`
 --> src\harness\review.rs:1:5
  |
1 | use anyhow::Result;
  |     ^^^^^^^^^^^^^^

warning: unused import: `CodeSymbol`
    --> src\harness\review.rs:1046:49
     |
1046 |         use crate::harness::repo_intelligence::{CodeSymbol, SymbolKind};
     |                                                 ^^^^^^^^^^

warning: unused imports: `has_breaking_changes` and `requires_approval`
 --> src\harness\risk.rs:4:55
  |
4 |         RiskLevel as SemanticRiskLevel, SemanticDiff, has_breaking_changes, requires_approval,
  |                                                       ^^^^^^^^^^^^^^^^^^^^  ^^^^^^^^^^^^^^^^^

warning: unused import: `anyhow::Result`
 --> src\harness\risk.rs:7:5
  |
7 | use anyhow::Result;
  |     ^^^^^^^^^^^^^^

warning: unused import: `std::collections::HashMap`
 --> src\harness\risk.rs:9:5
  |
9 | use std::collections::HashMap;
  |     ^^^^^^^^^^^^^^^^^^^^^^^^^

warning: unused import: `bail`
 --> src\harness\runtime_tools.rs:4:22
  |
4 | use anyhow::{Result, bail};
  |                      ^^^^

warning: unused import: `anyhow::Result`
 --> src\harness\scaling.rs:4:5
  |
4 | use anyhow::Result;
  |     ^^^^^^^^^^^^^^

warning: unused import: `std::time::Duration`
 --> src\harness\scaling.rs:6:5
  |
6 | use std::time::Duration;
  |     ^^^^^^^^^^^^^^^^^^^

warning: unused import: `ValidationCategory`
  --> src\harness\selection.rs:10:18
   |
10 |     validation::{ValidationCategory, ValidationResult},
   |                  ^^^^^^^^^^^^^^^^^^

warning: unused import: `HashMap`
 --> src\harness\semantic_diff.rs:3:24
  |
3 | use std::collections::{HashMap, HashSet};
  |                        ^^^^^^^

warning: unused imports: `Deserialize` and `Serialize`
 --> src\harness\temp_workspace.rs:9:13
  |
9 | use serde::{Deserialize, Serialize};
  |             ^^^^^^^^^^^  ^^^^^^^^^

warning: unused import: `Path`
 --> src\harness\time_travel.rs:7:17
  |
7 | use std::path::{Path, PathBuf};
  |                 ^^^^

warning: unused import: `error`
 --> src\harness\trajectory.rs:7:22
  |
7 | use tracing::{debug, error, info, warn};
  |                      ^^^^^

warning: unused import: `std::collections::HashMap`
  --> src\harness\trust_report.rs:16:5
   |
16 | use std::collections::HashMap;
   |     ^^^^^^^^^^^^^^^^^^^^^^^^^

warning: unused import: `Context`
 --> src\harness\validation.rs:2:14
  |
2 | use anyhow::{Context, Result};
  |              ^^^^^^^

warning: unused import: `crate::harness::runtime_tools::ToolType`
  --> src\harness\validation.rs:79:13
   |
79 |         use crate::harness::runtime_tools::ToolType;
   |             ^^^^^^^^^^^^^^^^^^^^^^^^^^^^^^^^^^^^^^^

warning: unused import: `anyhow::Result`
 --> src\harness\verification.rs:2:5
  |
2 | use anyhow::Result;
  |     ^^^^^^^^^^^^^^

warning: unused import: `ValidationFailurePolicy`
 --> src\harness\work_integration.rs:6:62
  |
6 |             HarnessExecutionRequest, HarnessExecutionResult, ValidationFailurePolicy,
  |                                                              ^^^^^^^^^^^^^^^^^^^^^^^

warning: unused import: `Context`
 --> src\queue\mod.rs:6:14
  |
6 | use anyhow::{Context, Result};
  |              ^^^^^^^

warning: unused imports: `ToolContext` and `ToolMetadata`
 --> src\tools\coding.rs:7:20
  |
7 | use crate::tools::{ToolContext, ToolMetadata};
  |                    ^^^^^^^^^^^  ^^^^^^^^^^^^

warning: unused imports: `ToolContext` and `ToolMetadata`
 --> src\tools\command.rs:8:20
  |
8 | use crate::tools::{ToolContext, ToolMetadata};
  |                    ^^^^^^^^^^^  ^^^^^^^^^^^^

warning: unused imports: `ToolContext` and `ToolMetadata`
  --> src\tools\repo.rs:12:31
   |
12 | use crate::tools::{PathGuard, ToolContext, ToolMetadata};
   |                               ^^^^^^^^^^^  ^^^^^^^^^^^^

warning: unused import: `Datelike`
 --> src\utils\time.rs:3:24
  |
3 | use chrono::{DateTime, Datelike, Duration, Utc};
  |                        ^^^^^^^^

warning: unused import: `Context`
 --> src\work\evaluation.rs:6:14
  |
6 | use anyhow::{Context, Result};
  |              ^^^^^^^

warning: unused import: `std::collections::HashMap`
 --> src\work\evaluation.rs:8:5
  |
8 | use std::collections::HashMap;
  |     ^^^^^^^^^^^^^^^^^^^^^^^^^

warning: unused import: `WorkContextPlaybook`
  --> src\work\evolution_engine.rs:14:57
   |
14 | use crate::work::playbook::{PatternRecord, PatternType, WorkContextPlaybook};
   |                                                         ^^^^^^^^^^^^^^^^^^^

warning: unused imports: `domain::WorkDomainProfile` and `playbook::WorkContextPlaybook`
  --> src\work\execution_service.rs:17:5
   |
17 |     domain::WorkDomainProfile,
   |     ^^^^^^^^^^^^^^^^^^^^^^^^^
18 |     playbook::WorkContextPlaybook,
   |     ^^^^^^^^^^^^^^^^^^^^^^^^^^^^^

warning: unused import: `WorkPhase`
  --> src\work\orchestrator.rs:12:69
   |
12 | use super::types::{AutonomyLevel, TestExecutionResult, WorkContext, WorkPhase, WorkStatus};
   |                                                                     ^^^^^^^^^

warning: unused import: `crate::flow::execution_service::FlowExecutionService`
  --> src\work\orchestrator.rs:13:5
   |
13 | use crate::flow::execution_service::FlowExecutionService;
   |     ^^^^^^^^^^^^^^^^^^^^^^^^^^^^^^^^^^^^^^^^^^^^^^^^^^^^

warning: unused import: `anyhow::Result`
 --> src\work\phase_controller.rs:3:5
  |
3 | use anyhow::Result;
  |     ^^^^^^^^^^^^^^

warning: unused import: `LifecycleTemplate`
 --> src\work\template_loader.rs:7:21
  |
7 | use super::domain::{LifecycleTemplate, WorkDomainProfile};
  |                     ^^^^^^^^^^^^^^^^^

warning: unused import: `super::types::ApprovalPolicy`
 --> src\work\template_loader.rs:8:5
  |
8 | use super::types::ApprovalPolicy;
  |     ^^^^^^^^^^^^^^^^^^^^^^^^^^^^

warning: use of deprecated function `harness::patch_applier::apply_patch`: Use apply_patch_with_rollback for real repo patches, or apply_patch_temp_only for temp workspaces
  --> src\harness\execution_loop.rs:22:38
   |
22 |         PatchResult, RollbackHandle, apply_patch, apply_patch_with_rollback, dry_run_patch,
   |                                      ^^^^^^^^^^^
   |
   = note: `#[warn(deprecated)]` on by default

warning: use of deprecated type alias `harness::patch_provider::PatchCandidate`: Use ProviderCandidate instead
  --> src\harness\execution_loop.rs:25:53
   |
25 |         GenerateRequest as ProviderGenerateRequest, PatchCandidate as ProviderCandidate,
   |                                                     ^^^^^^^^^^^^^^

warning: use of deprecated type alias `harness::sandbox::LocalSandboxRuntime`: Use LocalCommandRuntime instead
  --> src\harness\execution_loop.rs:31:14
   |
31 |     sandbox::LocalSandboxRuntime,
   |              ^^^^^^^^^^^^^^^^^^^

warning: use of deprecated type alias `harness::sandbox::LocalSandboxRuntime`: Use LocalCommandRuntime instead
    --> src\harness\execution_loop.rs:1250:79
     |
1250 |             let r = run_validation(val_root, &fresh_plan, std::sync::Arc::new(LocalSandboxRuntime::default())).await?;
     |                                                                               ^^^^^^^^^^^^^^^^^^^

warning: use of deprecated function `harness::file_control::normalize_path`: Use validate_repo_relative_path and resolve_repo_path instead
   --> src\harness\file_control.rs:169:25
    |
169 |         let full_path = normalize_path(&policy.repo_root, mentioned)?;
    |                         ^^^^^^^^^^^^^^

warning: use of deprecated function `harness::file_control::normalize_path`: Use validate_repo_relative_path and resolve_repo_path instead
   --> src\harness\file_control.rs:723:28
    |
723 |     let normalized = match normalize_path(Path::new("."), path) {
    |                            ^^^^^^^^^^^^^^

warning: use of deprecated type alias `harness::sandbox::LocalSandboxRuntime`: Use LocalCommandRuntime instead
  --> src\harness\repair_loop.rs:16:15
   |
16 |     sandbox::{LocalSandboxRuntime, SandboxRuntime},
   |               ^^^^^^^^^^^^^^^^^^^

warning: use of deprecated trait `harness::sandbox::SandboxRuntime`: Use CommandRuntime instead. This is not true sandboxing.
  --> src\harness\repair_loop.rs:16:36
   |
16 |     sandbox::{LocalSandboxRuntime, SandboxRuntime},
   |                                    ^^^^^^^^^^^^^^

warning: use of deprecated trait `harness::sandbox::SandboxRuntime`: Use CommandRuntime instead. This is not true sandboxing.
   --> src\harness\repair_loop.rs:609:19
    |
609 |     sandbox: &dyn SandboxRuntime,
    |                   ^^^^^^^^^^^^^^

warning: use of deprecated trait `harness::sandbox::SandboxRuntime`: Use CommandRuntime instead. This is not true sandboxing.
   --> src\harness\repair_loop.rs:184:23
    |
184 |         sandbox: &dyn SandboxRuntime,
    |                       ^^^^^^^^^^^^^^

warning: use of deprecated type alias `harness::sandbox::LocalSandboxRuntime`: Use LocalCommandRuntime instead
   --> src\harness\repair_loop.rs:260:21
    |
260 |                     LocalSandboxRuntime::default()
    |                     ^^^^^^^^^^^^^^^^^^^

warning: use of deprecated trait `harness::sandbox::SandboxRuntime`: Use CommandRuntime instead. This is not true sandboxing.
   --> src\harness\repair_loop.rs:259:78
    |
259 |                 let sandbox_arc: std::sync::Arc<dyn crate::harness::sandbox::SandboxRuntime + Send + Sync> = std::sync::Arc::new(
    |                                                                              ^^^^^^^^^^^^^^

warning: use of deprecated trait `harness::sandbox::SandboxRuntime`: Use CommandRuntime instead. This is not true sandboxing.
 --> src\harness\validation.rs:1:30
  |
1 | use crate::harness::sandbox::SandboxRuntime;
  |                              ^^^^^^^^^^^^^^

warning: use of deprecated trait `harness::sandbox::SandboxRuntime`: Use CommandRuntime instead. This is not true sandboxing.
   --> src\harness\validation.rs:480:22
    |
480 |     sandbox: Arc<dyn SandboxRuntime + Send + Sync>,
    |                      ^^^^^^^^^^^^^^

warning: use of deprecated trait `harness::sandbox::SandboxRuntime`: Use CommandRuntime instead. This is not true sandboxing.
   --> src\harness\validation.rs:488:22
    |
488 |     sandbox: Arc<dyn SandboxRuntime + Send + Sync>,
    |                      ^^^^^^^^^^^^^^

warning: use of deprecated trait `harness::sandbox::SandboxRuntime`: Use CommandRuntime instead. This is not true sandboxing.
   --> src\harness\validation.rs:584:22
    |
584 |     sandbox: Arc<dyn SandboxRuntime + Send + Sync>,
    |                      ^^^^^^^^^^^^^^

warning: use of deprecated trait `harness::sandbox::SandboxRuntime`: Use CommandRuntime instead. This is not true sandboxing.
   --> src\harness\validation.rs:663:19
    |
663 |     sandbox: &dyn SandboxRuntime,
    |                   ^^^^^^^^^^^^^^

warning: use of deprecated trait `harness::sandbox::SandboxRuntime`: Use CommandRuntime instead. This is not true sandboxing.
   --> src\harness\validation.rs:719:19
    |
719 |     sandbox: &dyn SandboxRuntime,
    |                   ^^^^^^^^^^^^^^

warning: use of deprecated trait `harness::sandbox::SandboxRuntime`: Use CommandRuntime instead. This is not true sandboxing.
   --> src\harness\validation.rs:771:22
    |
771 |     sandbox: Arc<dyn SandboxRuntime + Send + Sync>,
    |                      ^^^^^^^^^^^^^^

error[E0277]: the trait bound `Box<dyn CommandRuntime>: SandboxRuntime` is not satisfied
   --> src\harness\attempt_pool.rs:219:9
    |
219 |         Arc::new(sandbox_runtime),
    |         ^^^^^^^^^^^^^^^^^^^^^^^^^ the trait `CommandRuntime` is not implemented for `Box<dyn CommandRuntime>`
    |
help: the following other types implement trait `CommandRuntime`
   --> src\harness\sandbox.rs:293:1
    |
293 | impl CommandRuntime for LocalCommandRuntime {
    | ^^^^^^^^^^^^^^^^^^^^^^^^^^^^^^^^^^^^^^^^^^^ `LocalCommandRuntime`
...
546 | impl CommandRuntime for DockerSandboxRuntime {
    | ^^^^^^^^^^^^^^^^^^^^^^^^^^^^^^^^^^^^^^^^^^^^ `DockerSandboxRuntime`
note: required for `Box<dyn CommandRuntime>` to implement `SandboxRuntime`
   --> src\harness\sandbox.rs:146:34
    |
146 | impl<T: CommandRuntime + ?Sized> SandboxRuntime for T {}
    |         --------------           ^^^^^^^^^^^^^^     ^
    |         |
    |         unsatisfied trait bound introduced here
    = note: required for the cast from `Arc<Box<dyn CommandRuntime>>` to `Arc<(dyn SandboxRuntime + std::marker::Send + std::marker::Sync + 'static)>`

error[E0599]: no method named `context` found for enum `std::result::Result<T, E>` in the current scope
   --> src\harness\attempt_pool.rs:312:10
    |
303 |       let output = Command::new("git")
    |  __________________-
304 | |         .args([
305 | |             "diff",
306 | |             "--no-index",
...   |
311 | |         .output()
312 | |         .context("Failed to run git diff --no-index")?;
    | |         -^^^^^^^ method not found in `std::result::Result<std::process::Output, std::io::Error>`
    | |_________|
    |
    |
   ::: E:\Rust\.cargo\registry\src\index.crates.io-1949cf8c6b5b557f\anyhow-1.0.102\src\lib.rs:618:8
    |
618 |       fn context<C>(self, context: C) -> Result<T, Error>
    |          ------- the method is available for `std::result::Result<std::process::Output, std::io::Error>` here
    |
    = help: items from traits can only be used if the trait is in scope
help: trait `Context` which provides `context` is implemented but not in scope; perhaps you want to import it
    |
  6 + use anyhow::Context;
    |

error[E0599]: no method named `context` found for enum `std::result::Result<T, E>` in the current scope
   --> src\harness\attempt_pool.rs:319:18
    |
318 |               return Ok(String::from_utf8(output.stdout)
    |  _______________________-
319 | |                 .context("Diff output is not valid UTF-8")?);
    | |                 -^^^^^^^ method not found in `std::result::Result<std::string::String, FromUtf8Error>`
    | |_________________|
    |
    |
   ::: E:\Rust\.cargo\registry\src\index.crates.io-1949cf8c6b5b557f\anyhow-1.0.102\src\lib.rs:618:8
    |
618 |       fn context<C>(self, context: C) -> Result<T, Error>
    |          ------- the method is available for `std::result::Result<std::string::String, FromUtf8Error>` here
    |
    = help: items from traits can only be used if the trait is in scope
help: trait `Context` which provides `context` is implemented but not in scope; perhaps you want to import it
    |
  6 + use anyhow::Context;
    |

error[E0599]: no method named `context` found for enum `std::result::Result<T, E>` in the current scope
   --> src\harness\attempt_pool.rs:328:10
    |
327 |       Ok(String::from_utf8(output.stdout)
    |  ________-
328 | |         .context("Diff output is not valid UTF-8")?)
    | |         -^^^^^^^ method not found in `std::result::Result<std::string::String, FromUtf8Error>`
    | |_________|
    |
    |
   ::: E:\Rust\.cargo\registry\src\index.crates.io-1949cf8c6b5b557f\anyhow-1.0.102\src\lib.rs:618:8
    |
618 |       fn context<C>(self, context: C) -> Result<T, Error>
    |          ------- the method is available for `std::result::Result<std::string::String, FromUtf8Error>` here
    |
    = help: items from traits can only be used if the trait is in scope
help: trait `Context` which provides `context` is implemented but not in scope; perhaps you want to import it
    |
  6 + use anyhow::Context;
    |

error[E0609]: no field `repo_map` on type `RepoContext`
   --> src\harness\execution_loop.rs:526:29
    |
526 |         repo_map: Some(repo.repo_map.clone()),
    |                             ^^^^^^^^ unknown field
    |
    = note: available fields are: `root`, `ranked_files`, `symbols`, `relationships`, `compressed_context` ... and 3 others

error[E0609]: no field `repo_map` on type `RepoContext`
   --> src\harness\execution_loop.rs:537:27
    |
537 |         repo_files = repo.repo_map.files.len(),
    |                           ^^^^^^^^ unknown field
    |
    = note: available fields are: `root`, `ranked_files`, `symbols`, `relationships`, `compressed_context` ... and 3 others

warning: variable does not need to be mutable
    --> src\harness\repo_intelligence.rs:1724:21
     |
1724 |         if let Some(mut c) = cache {
     |                     ----^
     |                     |
     |                     help: remove this `mut`
     |
     = note: `#[warn(unused_mut)]` (part of `#[warn(unused)]`) on by default

warning: variable does not need to be mutable
   --> src\harness\trajectory.rs:373:9
    |
373 |     let mut steps_failed: usize = 0;
    |         ----^^^^^^^^^^^^
    |         |
    |         help: remove this `mut`

error[E0609]: no field `validation_performed` on type `&ValidationResult`
   --> src\harness\completion.rs:626:46
    |
626 |             all_phases_completed: validation.validation_performed && review.review_performed,
    |                                              ^^^^^^^^^^^^^^^^^^^^ unknown field
    |
    = note: available fields are: `passed`, `command_results`, `errors`, `duration_ms`, `cached` ... and 2 others

error[E0609]: no field `review_performed` on type `&ReviewReport`
   --> src\harness\completion.rs:626:77
    |
626 |             all_phases_completed: validation.validation_performed && review.review_performed,
    |                                                                             ^^^^^^^^^^^^^^^^ unknown field
    |
    = note: available fields are: `issues`, `summary`, `passed`, `critical_count`, `high_count`, `ast_analysis_enabled`

error[E0609]: no field `all_validations_passed` on type `&ValidationResult`
   --> src\harness\completion.rs:627:44
    |
627 |             no_critical_errors: validation.all_validations_passed && review.review_passed,
    |                                            ^^^^^^^^^^^^^^^^^^^^^^ unknown field
    |
    = note: available fields are: `passed`, `command_results`, `errors`, `duration_ms`, `cached` ... and 2 others

error[E0609]: no field `review_passed` on type `&ReviewReport`
   --> src\harness\completion.rs:627:77
    |
627 |             no_critical_errors: validation.all_validations_passed && review.review_passed,
    |                                                                             ^^^^^^^^^^^^^ unknown field
    |
    = note: available fields are: `issues`, `summary`, `passed`, `critical_count`, `high_count`, `ast_analysis_enabled`

error[E0609]: no field `validation_performed` on type `&ValidationResult`
   --> src\harness\completion.rs:655:19
    |
655 |     if validation.validation_performed {
    |                   ^^^^^^^^^^^^^^^^^^^^ unknown field
    |
    = note: available fields are: `passed`, `command_results`, `errors`, `duration_ms`, `cached` ... and 2 others

error[E0609]: no field `review_performed` on type `&ReviewReport`
   --> src\harness\completion.rs:664:15
    |
664 |     if review.review_performed {
    |               ^^^^^^^^^^^^^^^^ unknown field
    |
    = note: available fields are: `issues`, `summary`, `passed`, `critical_count`, `high_count`, `ast_analysis_enabled`

error[E0609]: no field `assessed` on type `&risk::RiskAssessment`
   --> src\harness\completion.rs:673:13
    |
673 |     if risk.assessed {
    |             ^^^^^^^^ unknown field
    |
    = note: available fields are: `level`, `reasons`, `requires_approval`, `can_override`, `override_conditions`

error[E0689]: can't call method `min` on ambiguous numeric type `{float}`
   --> src\harness\completion.rs:689:39
    |
689 |         (completeness / total_weight).min(1.0)
    |                                       ^^^

warning: unused import: `PatchProvider`
  --> src\harness\execution_loop.rs:26:9
   |
26 |         PatchProvider, PatchProviderContext, RiskEstimate,
   |         ^^^^^^^^^^^^^

warning: unused import: `Tracer`
   --> src\harness\observability.rs:317:32
    |
317 |     use opentelemetry::trace::{Tracer, TracerProvider};
    |                                ^^^^^^

warning: unused variable: `remaining_tokens`
   --> src\context\budgeter.rs:125:13
    |
125 |         let remaining_tokens = available_tokens - system_tokens;
    |             ^^^^^^^^^^^^^^^^ help: if this is intentional, prefix it with an underscore: `_remaining_tokens`
    |
    = note: `#[warn(unused_variables)]` (part of `#[warn(unused)]`) on by default

warning: unused variable: `state`
  --> src\flow\debug.rs:54:47
   |
54 |     fn on_node_start(&self, node_id: &NodeId, state: &SharedState, input: &Input) {
   |                                               ^^^^^ help: if this is intentional, prefix it with an underscore: `_state`

warning: unused variable: `input`
  --> src\flow\debug.rs:54:68
   |
54 |     fn on_node_start(&self, node_id: &NodeId, state: &SharedState, input: &Input) {
   |                                                                    ^^^^^ help: if this is intentional, prefix it with an underscore: `_input`

warning: unused variable: `from`
  --> src\flow\debug.rs:74:29
   |
74 |     fn on_transition(&self, from: &NodeId, action: &Action, to: &NodeId) {
   |                             ^^^^ help: if this is intentional, prefix it with an underscore: `_from`

warning: unused variable: `to`
  --> src\flow\debug.rs:74:61
   |
74 |     fn on_transition(&self, from: &NodeId, action: &Action, to: &NodeId) {
   |                                                             ^^ help: if this is intentional, prefix it with an underscore: `_to`

warning: unused variable: `output`
   --> src\flow\factory\coding_nodes.rs:548:46
    |
548 |     fn post(&self, _state: &mut SharedState, output: serde_json::Value) -> String {
    |                                              ^^^^^^ help: if this is intentional, prefix it with an underscore: `_output`

warning: unused variable: `count`
   --> src\flow\memory\nodes.rs:124:21
    |
124 |         if let Some(count) = output["extracted_count"].as_u64() {
    |                     ^^^^^ help: if this is intentional, prefix it with an underscore: `_count`

warning: unused variable: `repo`
  --> src\harness\attempt_pool.rs:61:9
   |
61 |         repo: &RepoContext,
   |         ^^^^ help: if this is intentional, prefix it with an underscore: `_repo`

warning: unused variable: `filtered`
   --> src\harness\benchmark.rs:305:13
    |
305 |         let filtered: Vec<_> = values
    |             ^^^^^^^^ help: if this is intentional, prefix it with an underscore: `_filtered`

warning: unused variable: `num_runs`
   --> src\harness\benchmark.rs:432:9
    |
432 |         num_runs: u32,
    |         ^^^^^^^^ help: if this is intentional, prefix it with an underscore: `_num_runs`

warning: unused variable: `completeness`
   --> src\harness\completion.rs:298:13
    |
298 |         let completeness = self.calculate_completeness(evidence);
    |             ^^^^^^^^^^^^ help: if this is intentional, prefix it with an underscore: `_completeness`

warning: unused variable: `factors`
   --> src\harness\completion.rs:423:9
    |
423 |         factors: &mut Vec<String>,
    |         ^^^^^^^ help: if this is intentional, prefix it with an underscore: `_factors`

warning: unused variable: `file`
   --> src\harness\edit_protocol.rs:635:10
    |
635 |     for (file, file_edits) in by_file {
    |          ^^^^ help: if this is intentional, prefix it with an underscore: `_file`

warning: value assigned to `detected_pm` is never read
   --> src\harness\environment.rs:124:31
    |
124 |         let mut detected_pm = None;
    |                               ^^^^
    |
    = help: maybe it is overwritten before being read?
    = note: `#[warn(unused_assignments)]` (part of `#[warn(unused)]`) on by default

warning: unused variable: `has_gemspec`
   --> src\harness\environment.rs:408:9
    |
408 |     let has_gemspec = root.join("*.gemspec").exists();
    |         ^^^^^^^^^^^ help: if this is intentional, prefix it with an underscore: `_has_gemspec`

warning: unused variable: `task_id`
   --> src\harness\knowledge_cache.rs:405:14
    |
405 |         for (task_id, cache) in caches.iter() {
    |              ^^^^^^^ help: if this is intentional, prefix it with an underscore: `_task_id`

warning: unused variable: `provider`
   --> src\harness\observability.rs:532:21
    |
532 |         if let Some(provider) = TRACER_PROVIDER.get() {
    |                     ^^^^^^^^ help: if this is intentional, prefix it with an underscore: `_provider`

warning: unused variable: `edit_index`
   --> src\harness\patch_applier.rs:315:5
    |
315 |     edit_index: usize,
    |     ^^^^^^^^^^ help: if this is intentional, prefix it with an underscore: `_edit_index`

warning: unused variable: `policy`
   --> src\harness\patch_applier.rs:554:56
    |
554 | async fn commit_transaction(transaction: &Transaction, policy: &FilePolicy) -> Result<()> {
    |                                                        ^^^^^^ help: if this is intentional, prefix it with an underscore: `_policy`

warning: unused variable: `new_content`
   --> src\harness\patch_applier.rs:557:16
    |
557 |     for (path, new_content) in changes.iter().rev() {
    |                ^^^^^^^^^^^ help: if this is intentional, prefix it with an underscore: `_new_content`

warning: unused variable: `block_marker`
    --> src\harness\patch_provider.rs:1056:21
     |
1056 |                 let block_marker = lines[i];
     |                     ^^^^^^^^^^^^ help: if this is intentional, prefix it with an underscore: `_block_marker`

warning: unused variable: `kind`
    --> src\harness\patch_provider.rs:1325:26
     |
1325 |     fn can_handle(&self, kind: FailureKind) -> bool {
     |                          ^^^^ help: if this is intentional, prefix it with an underscore: `_kind`

warning: unused variable: `now`
   --> src\harness\regression_memory.rs:232:13
    |
232 |         let now = chrono::Utc::now();
    |             ^^^ help: if this is intentional, prefix it with an underscore: `_now`

warning: unused variable: `failure`
   --> src\harness\repair_loop.rs:113:9
    |
113 |         failure: &FailureDetails,
    |         ^^^^^^^ help: if this is intentional, prefix it with an underscore: `_failure`

warning: unused variable: `sandbox`
   --> src\harness\repair_loop.rs:184:9
    |
184 |         sandbox: &dyn SandboxRuntime,
    |         ^^^^^^^ help: if this is intentional, prefix it with an underscore: `_sandbox`

warning: unused variable: `provider`
   --> src\harness\repair_loop.rs:185:9
    |
185 |         provider: Option<&dyn PatchProvider>,
    |         ^^^^^^^^ help: if this is intentional, prefix it with an underscore: `_provider`

warning: unused variable: `patch_result`
   --> src\harness\repair_loop.rs:243:18
    |
243 |             let (patch_result, attempt_result) = if dry_result.failures.is_empty() {
    |                  ^^^^^^^^^^^^ help: if this is intentional, prefix it with an underscore: `_patch_result`

warning: unused variable: `name`
   --> src\harness\repo_intelligence.rs:942:27
    |
942 | fn parse_cargo_dependency(name: &str, spec: &toml::Value) -> DependencySpec {
    |                           ^^^^ help: if this is intentional, prefix it with an underscore: `_name`

warning: unused variable: `spec`
    --> src\harness\repo_intelligence.rs:1298:25
     |
1298 |         for (dependent, spec) in &self.dependencies {
     |                         ^^^^ help: if this is intentional, prefix it with an underscore: `_spec`

warning: variable does not need to be mutable
    --> src\harness\repo_intelligence.rs:1372:13
     |
1372 |         let mut cache: RepoCache = serde_json::from_str(&content).ok()?;
     |             ----^^^^^
     |             |
     |             help: remove this `mut`

warning: unused variable: `repo`
   --> src\harness\reproduction.rs:622:5
    |
622 |     repo: &RepoContext,
    |     ^^^^ help: if this is intentional, prefix it with an underscore: `_repo`

warning: unused variable: `diff_lower`
   --> src\harness\semantic_diff.rs:371:13
    |
371 |         let diff_lower = diff.to_lowercase();
    |             ^^^^^^^^^^ help: if this is intentional, prefix it with an underscore: `_diff_lower`

warning: unused variable: `policy`
  --> src\harness\temp_workspace.rs:28:9
   |
28 |         policy: &FilePolicy,
   |         ^^^^^^ help: if this is intentional, prefix it with an underscore: `_policy`

warning: unused variable: `should_apply`
   --> src\harness\temp_workspace.rs:270:5
    |
270 |     should_apply: bool,
    |     ^^^^^^^^^^^^ help: if this is intentional, prefix it with an underscore: `_should_apply`

warning: unused variable: `sections`
   --> src\harness\trust_report.rs:457:30
    |
457 |     fn calculate_trust_score(sections: &[TrustSection], stats: &TrustStatistics) -> u32 {
    |                              ^^^^^^^^ help: if this is intentional, prefix it with an underscore: `_sections`

warning: unused variable: `sections`
   --> src\harness\trust_report.rs:495:9
    |
495 |         sections: &[TrustSection],
    |         ^^^^^^^^ help: if this is intentional, prefix it with an underscore: `_sections`

warning: unused variable: `sections`
   --> src\harness\trust_report.rs:544:33
    |
544 |     fn generate_recommendations(sections: &[TrustSection], stats: &TrustStatistics) -> Vec<String> {
    |                                 ^^^^^^^^ help: if this is intentional, prefix it with an underscore: `_sections`

warning: unused variable: `policy`
  --> src\harness\workspace.rs:84:9
   |
84 |         policy: &FilePolicy,
   |         ^^^^^^ help: if this is intentional, prefix it with an underscore: `_policy`

warning: unused variable: `artifact_data`
   --> src\work\orchestrator.rs:740:13
    |
740 |         let artifact_data = serde_json::json!({
    |             ^^^^^^^^^^^^^ help: if this is intentional, prefix it with an underscore: `_artifact_data`

warning: variable does not need to be mutable
  --> src\work\service.rs:42:13
   |
42 |         let mut context = WorkContext::new(id, user_id, title, domain, goal);
   |             ----^^^^^^^
   |             |
   |             help: remove this `mut`

Some errors have detailed explanations: E0277, E0599, E0609, E0689.
For more information about an error, try `rustc --explain E0277`.
warning: `prometheos-lite` (lib) generated 174 warnings
error: could not compile `prometheos-lite` (lib) due to 15 previous errors; 174 warnings emitted
